Testing new PrismaClient()
